?㎦ Testing with User ID: test_user_255843f1

[Step 1] Starting Session 1...
??Session 1 Started: ffc37cd1-e0c2-43d7-8760-803670d2165b
   Initial Total Stickers: 0

[Step 2] Submitting Correct Answer in Session 1...
??Result Submitted. Total Stickers: 0
?좑툘 Warning: Stickers did not increment to 1. Response: {'new_level': 1, 'level_stickers': 0, 'total_stickers': 0, 'levelup_event': False}
Waiting for DB consistency...

[Step 3] Starting Session 2 (New Game)...
??Session 2 Started: 040faefd-1d92-4587-b24c-5c66b79c1f75
   Total Stickers in New Session: 0

??ISSUE REPRODUCED: Total stickers reset to 0 in new session.
